[0m07:08:11.005044 [debug] [MainThread]: Sending event: {'category': 'dbt', 'action': 'invocation', 'label': 'start', 'context': [<snowplow_tracker.self_describing_json.SelfDescribingJson object at 0x0000022890A3D730>, <snowplow_tracker.self_describing_json.SelfDescribingJson object at 0x0000022893F1F440>, <snowplow_tracker.self_describing_json.SelfDescribingJson object at 0x0000022893DA17F0>]}


============================== 07:08:11.273447 | 6cab72cf-fffb-41f9-ace4-4b9f85e27b06 ==============================
[0m07:08:11.273447 [info ] [MainThread]: Running with dbt=1.11.11
[0m07:08:11.274543 [debug] [MainThread]: running dbt with arguments {'version_check': 'True', 'no_print': 'None', 'static_parser': 'True', 'warn_error_options': 'WarnErrorOptionsV2(error=[], warn=[], silence=[])', 'target_path': 'None', 'printer_width': '80', 'write_json': 'True', 'empty': 'None', 'log_cache_events': 'False', 'introspect': 'True', 'cache_selected_only': 'False', 'fail_fast': 'False', 'debug': 'False', 'log_format': 'default', 'profiles_dir': 'C:\\Users\\vicky\\.dbt', 'send_anonymous_usage_stats': 'True', 'quiet': 'False', 'warn_error': 'None', 'partial_parse': 'True', 'indirect_selection': 'eager', 'invocation_command': 'dbt init', 'use_colors': 'True', 'use_experimental_parser': 'False', 'log_path': 'logs'}
[0m07:08:11.801205 [info ] [MainThread]: Creating dbt configuration folder at C:\Users\vicky\.dbt
[0m07:10:47.988266 [debug] [MainThread]: Starter project path: C:\study\DBT_Learning\.venv\Lib\site-packages\dbt\include\starter_project
[0m07:10:48.047333 [info ] [MainThread]: 
Your new dbt project "dbt_practise" was created!

For more information on how to configure the profiles.yml file,
please consult the dbt documentation here:

  https://docs.getdbt.com/docs/configure-your-profile

One more thing:

Need help? Don't hesitate to reach out to us via GitHub issues or on Slack:

  https://community.getdbt.com/

Happy modeling!

[0m07:10:48.048639 [info ] [MainThread]: Setting up your profile.
[0m07:11:05.277436 [debug] [MainThread]: Spark adapter: Setting pyhive.hive logging to ERROR
[0m07:11:05.278674 [debug] [MainThread]: Spark adapter: Setting thrift.transport logging to ERROR
[0m07:11:05.278674 [debug] [MainThread]: Spark adapter: Setting thrift.protocol logging to ERROR
[0m07:19:10.199931 [info ] [MainThread]: Profile dbt_practise written to C:\Users\vicky\.dbt\profiles.yml using target's profile_template.yml and your supplied values. Run 'dbt debug' to validate the connection.
[0m07:19:10.201944 [debug] [MainThread]: Command `dbt init` succeeded at 07:19:10.201944 after 659.54 seconds
[0m07:19:10.202941 [debug] [MainThread]: Sending event: {'category': 'dbt', 'action': 'invocation', 'label': 'end', 'context': [<snowplow_tracker.self_describing_json.SelfDescribingJson object at 0x00000228941CAF60>, <snowplow_tracker.self_describing_json.SelfDescribingJson object at 0x00000228A8360260>, <snowplow_tracker.self_describing_json.SelfDescribingJson object at 0x00000228A8F379B0>]}
[0m07:19:10.203938 [debug] [MainThread]: Flushing usage events
[0m07:19:11.882224 [debug] [MainThread]: An error was encountered while trying to flush usage events
[0m07:19:40.787530 [debug] [MainThread]: Sending event: {'category': 'dbt', 'action': 'invocation', 'label': 'start', 'context': [<snowplow_tracker.self_describing_json.SelfDescribingJson object at 0x0000019ADE70B140>, <snowplow_tracker.self_describing_json.SelfDescribingJson object at 0x0000019ADDEFFF20>, <snowplow_tracker.self_describing_json.SelfDescribingJson object at 0x0000019ADE2B0410>]}


============================== 07:19:40.794226 | e3d25f3a-5e1d-4fb7-bf77-016dc75affb8 ==============================
[0m07:19:40.794226 [info ] [MainThread]: Running with dbt=1.11.11
[0m07:19:40.795735 [debug] [MainThread]: running dbt with arguments {'static_parser': 'True', 'no_print': 'None', 'version_check': 'True', 'warn_error_options': 'WarnErrorOptionsV2(error=[], warn=[], silence=[])', 'target_path': 'None', 'printer_width': '80', 'write_json': 'True', 'introspect': 'True', 'log_cache_events': 'False', 'empty': 'None', 'cache_selected_only': 'False', 'fail_fast': 'False', 'debug': 'False', 'log_format': 'default', 'partial_parse': 'True', 'send_anonymous_usage_stats': 'True', 'quiet': 'False', 'warn_error': 'None', 'profiles_dir': 'C:\\Users\\vicky\\.dbt', 'use_colors': 'True', 'invocation_command': 'dbt debug', 'indirect_selection': 'eager', 'use_experimental_parser': 'False', 'log_path': 'logs'}
[0m07:19:40.879860 [info ] [MainThread]: dbt version: 1.11.11
[0m07:19:40.881064 [info ] [MainThread]: python version: 3.12.9
[0m07:19:40.882071 [info ] [MainThread]: python path: C:\study\DBT_Learning\.venv\Scripts\python.exe
[0m07:19:40.882071 [info ] [MainThread]: os info: Windows-11-10.0.26100-SP0
[0m07:19:42.877937 [debug] [MainThread]: Spark adapter: Setting pyhive.hive logging to ERROR
[0m07:19:42.878953 [debug] [MainThread]: Spark adapter: Setting thrift.transport logging to ERROR
[0m07:19:42.878953 [debug] [MainThread]: Spark adapter: Setting thrift.protocol logging to ERROR
[0m07:19:44.220502 [info ] [MainThread]: Using profiles dir at C:\Users\vicky\.dbt
[0m07:19:44.221507 [info ] [MainThread]: Using profiles.yml file at C:\Users\vicky\.dbt\profiles.yml
[0m07:19:44.221507 [info ] [MainThread]: Using dbt_project.yml file at C:\study\DBT_Learning\dbt_project.yml
[0m07:19:44.222524 [info ] [MainThread]: adapter type: databricks
[0m07:19:44.223529 [info ] [MainThread]: adapter version: 1.12.1
[0m07:19:44.224601 [info ] [MainThread]: Configuration:
[0m07:19:44.224601 [info ] [MainThread]:   profiles.yml file [[32mOK found and valid[0m]
[0m07:19:44.225596 [info ] [MainThread]:   dbt_project.yml file [[31mERROR not found[0m]
[0m07:19:44.225596 [info ] [MainThread]: Required dependencies:
[0m07:19:44.226837 [debug] [MainThread]: Executing "git --help"
[0m07:19:44.291242 [debug] [MainThread]: STDOUT: "b"usage: git [-v | --version] [-h | --help] [-C <path>] [-c <name>=<value>]\n           [--exec-path[=<path>]] [--html-path] [--man-path] [--info-path]\n           [-p | --paginate | -P | --no-pager] [--no-replace-objects] [--no-lazy-fetch]\n           [--no-optional-locks] [--no-advice] [--bare] [--git-dir=<path>]\n           [--work-tree=<path>] [--namespace=<name>] [--config-env=<name>=<envvar>]\n           <command> [<args>]\n\nThese are common Git commands used in various situations:\n\nstart a working area (see also: git help tutorial)\n   clone      Clone a repository into a new directory\n   init       Create an empty Git repository or reinitialize an existing one\n\nwork on the current change (see also: git help everyday)\n   add        Add file contents to the index\n   mv         Move or rename a file, a directory, or a symlink\n   restore    Restore working tree files\n   rm         Remove files from the working tree and from the index\n\nexamine the history and state (see also: git help revisions)\n   bisect     Use binary search to find the commit that introduced a bug\n   diff       Show changes between commits, commit and working tree, etc\n   grep       Print lines matching a pattern\n   log        Show commit logs\n   show       Show various types of objects\n   status     Show the working tree status\n\ngrow, mark and tweak your common history\n   backfill   Download missing objects in a partial clone\n   branch     List, create, or delete branches\n   commit     Record changes to the repository\n   history    EXPERIMENTAL: Rewrite history\n   merge      Join two or more development histories together\n   rebase     Reapply commits on top of another base tip\n   reset      Set `HEAD` or the index to a known state\n   switch     Switch branches\n   tag        Create, list, delete or verify tags\n\ncollaborate (see also: git help workflows)\n   fetch      Download objects and refs from another repository\n   pull       Fetch from and integrate with another repository or a local branch\n   push       Update remote refs along with associated objects\n\n'git help -a' and 'git help -g' list available subcommands and some\nconcept guides. See 'git help <command>' or 'git help <concept>'\nto read about a specific subcommand or concept.\nSee 'git help git' for an overview of the system.\n""
[0m07:19:44.292410 [debug] [MainThread]: STDERR: "b''"
[0m07:19:44.292410 [info ] [MainThread]:  - git [[32mOK found[0m]

[0m07:19:44.293436 [info ] [MainThread]: Connection:
[0m07:19:44.294641 [info ] [MainThread]:   host: dbc-f4706084-f176.cloud.databricks.com
[0m07:19:44.294641 [info ] [MainThread]:   http_path: /sql/1.0/warehouses/8f78662d5b819a2c
[0m07:19:44.295639 [info ] [MainThread]:   catalog: dbt_dev
[0m07:19:44.296150 [info ] [MainThread]:   schema: default
[0m07:19:44.297667 [info ] [MainThread]: Registered adapter: databricks=1.12.1
[0m07:19:45.303666 [debug] [MainThread]: Databricks adapter: DatabricksDBTConnection(session-id=None, name=debug) - Creating connection
[0m07:19:45.304665 [debug] [MainThread]: Acquiring new databricks connection 'debug'
[0m07:19:46.872738 [info ] [MainThread]: Databricks adapter:   SPOG host (host_type='workspace'): no
[0m07:19:46.873742 [info ] [MainThread]: Databricks adapter:   workspace_id (from ?o= in http_path): None
[0m07:19:46.874816 [info ] [MainThread]: Databricks adapter:   databricks-sql-connector version: 4.2.6 (supported)
[0m07:19:46.876453 [info ] [MainThread]: Databricks adapter:   databricks-sdk version: 0.104.0 (supported)
[0m07:19:46.877671 [debug] [MainThread]: Using databricks connection "debug"
[0m07:19:46.877671 [debug] [MainThread]: On debug: select 1 as id
[0m07:19:46.878676 [debug] [MainThread]: Opening a new connection, currently in state init
[0m07:19:50.899344 [debug] [MainThread]: Databricks adapter: Connection(session-id=01f174ef-259e-1c78-9e0f-9456d428b578) - Created
[0m07:20:07.163785 [debug] [MainThread]: SQL status: OK in 20.290 seconds
[0m07:20:07.166401 [debug] [MainThread]: Databricks adapter: Cursor(session-id=01f174ef-259e-1c78-9e0f-9456d428b578, command-id=01f174ef-268b-1296-99d6-05493bfe2cc0) - Closing
[0m07:20:07.637500 [debug] [MainThread]: On debug: Close
[0m07:20:07.638036 [debug] [MainThread]: Databricks adapter: Connection(session-id=01f174ef-259e-1c78-9e0f-9456d428b578) - Closing
[0m07:20:07.971391 [info ] [MainThread]:   Connection test: [[32mOK connection ok[0m]

[0m07:20:07.972389 [info ] [MainThread]: [31m1 check failed:[0m
[0m07:20:07.973386 [info ] [MainThread]: Project loading failed for the following reason:
 project path <C:\study\DBT_Learning\dbt_project.yml> not found

[0m07:20:07.974660 [debug] [MainThread]: Command `dbt debug` failed at 07:20:07.974660 after 27.55 seconds
[0m07:20:07.975657 [debug] [MainThread]: Sending event: {'category': 'dbt', 'action': 'invocation', 'label': 'end', 'context': [<snowplow_tracker.self_describing_json.SelfDescribingJson object at 0x0000019ADE3A49E0>, <snowplow_tracker.self_describing_json.SelfDescribingJson object at 0x0000019ADE05F440>, <snowplow_tracker.self_describing_json.SelfDescribingJson object at 0x0000019ADE7CEC30>]}
[0m07:20:07.978169 [debug] [MainThread]: Flushing usage events
[0m07:20:09.486975 [debug] [MainThread]: An error was encountered while trying to flush usage events
[0m10:14:28.687121 [debug] [MainThread]: Sending event: {'category': 'dbt', 'action': 'invocation', 'label': 'start', 'context': [<snowplow_tracker.self_describing_json.SelfDescribingJson object at 0x00000219865BD580>, <snowplow_tracker.self_describing_json.SelfDescribingJson object at 0x0000021983E3EE10>, <snowplow_tracker.self_describing_json.SelfDescribingJson object at 0x0000021986BD44D0>]}


============================== 10:14:28.695149 | b4999144-d737-4e56-b34e-edf66e913cbc ==============================
[0m10:14:28.695149 [info ] [MainThread]: Running with dbt=1.11.11
[0m10:14:28.695149 [debug] [MainThread]: running dbt with arguments {'version_check': 'True', 'no_print': 'None', 'static_parser': 'True', 'target_path': 'None', 'warn_error_options': 'WarnErrorOptionsV2(error=[], warn=[], silence=[])', 'printer_width': '80', 'write_json': 'True', 'introspect': 'True', 'log_cache_events': 'False', 'empty': 'False', 'cache_selected_only': 'False', 'log_format': 'default', 'debug': 'False', 'fail_fast': 'False', 'profiles_dir': 'C:\\Users\\vicky\\.dbt', 'send_anonymous_usage_stats': 'True', 'quiet': 'False', 'warn_error': 'None', 'partial_parse': 'True', 'use_colors': 'True', 'indirect_selection': 'eager', 'invocation_command': 'dbt run', 'use_experimental_parser': 'False', 'log_path': 'logs'}
[0m10:14:28.696571 [error] [MainThread]: Encountered an error:
Runtime Error
  No dbt_project.yml found at expected path C:\study\DBT_Learning\dbt_project.yml
  Verify that each entry within packages.yml (and their transitive dependencies) contains a file named dbt_project.yml
  
[0m10:14:28.697579 [debug] [MainThread]: Command `dbt run` failed at 10:14:28.697579 after 0.22 seconds
[0m10:14:28.697579 [debug] [MainThread]: Sending event: {'category': 'dbt', 'action': 'invocation', 'label': 'end', 'context': [<snowplow_tracker.self_describing_json.SelfDescribingJson object at 0x000002198353B320>, <snowplow_tracker.self_describing_json.SelfDescribingJson object at 0x0000021986BD44D0>, <snowplow_tracker.self_describing_json.SelfDescribingJson object at 0x0000021986E970B0>]}
[0m10:14:28.697579 [debug] [MainThread]: Flushing usage events
[0m10:14:30.199534 [debug] [MainThread]: An error was encountered while trying to flush usage events
[0m07:28:33.013264 [debug] [MainThread]: Sending event: {'category': 'dbt', 'action': 'invocation', 'label': 'start', 'context': [<snowplow_tracker.self_describing_json.SelfDescribingJson object at 0x000002168192BB90>, <snowplow_tracker.self_describing_json.SelfDescribingJson object at 0x00000216828A90D0>, <snowplow_tracker.self_describing_json.SelfDescribingJson object at 0x00000216828ABB00>]}


============================== 07:28:33.023797 | 479b9c40-c2b3-4153-bb69-177fb2ec5cde ==============================
[0m07:28:33.023797 [info ] [MainThread]: Running with dbt=1.11.11
[0m07:28:33.024927 [debug] [MainThread]: running dbt with arguments {'version_check': 'True', 'no_print': 'None', 'static_parser': 'True', 'warn_error_options': 'WarnErrorOptionsV2(error=[], warn=[], silence=[])', 'target_path': 'None', 'printer_width': '80', 'write_json': 'True', 'introspect': 'True', 'log_cache_events': 'False', 'empty': 'False', 'cache_selected_only': 'False', 'fail_fast': 'False', 'debug': 'False', 'log_format': 'default', 'profiles_dir': 'C:\\Users\\vicky\\.dbt', 'send_anonymous_usage_stats': 'True', 'quiet': 'False', 'warn_error': 'None', 'partial_parse': 'True', 'use_colors': 'True', 'invocation_command': 'dbt run', 'indirect_selection': 'eager', 'use_experimental_parser': 'False', 'log_path': 'logs'}
[0m07:28:33.025990 [error] [MainThread]: Encountered an error:
Runtime Error
  No dbt_project.yml found at expected path C:\study\DBT_Learning\dbt_project.yml
  Verify that each entry within packages.yml (and their transitive dependencies) contains a file named dbt_project.yml
  
[0m07:28:33.027248 [debug] [MainThread]: Command `dbt run` failed at 07:28:33.027248 after 0.33 seconds
[0m07:28:33.028253 [debug] [MainThread]: Sending event: {'category': 'dbt', 'action': 'invocation', 'label': 'end', 'context': [<snowplow_tracker.self_describing_json.SelfDescribingJson object at 0x00000216822FFAA0>, <snowplow_tracker.self_describing_json.SelfDescribingJson object at 0x0000021683CCB800>, <snowplow_tracker.self_describing_json.SelfDescribingJson object at 0x0000021683C745F0>]}
[0m07:28:33.029259 [debug] [MainThread]: Flushing usage events
[0m07:28:34.614841 [debug] [MainThread]: An error was encountered while trying to flush usage events
[0m07:18:22.616859 [debug] [MainThread]: Sending event: {'category': 'dbt', 'action': 'invocation', 'label': 'start', 'context': [<snowplow_tracker.self_describing_json.SelfDescribingJson object at 0x000001BBC170F590>, <snowplow_tracker.self_describing_json.SelfDescribingJson object at 0x000001BBC46D7680>, <snowplow_tracker.self_describing_json.SelfDescribingJson object at 0x000001BBC46D7D10>]}


============================== 07:18:22.623468 | b4a3d365-e103-4bf4-96fc-7edb2afcd6cf ==============================
[0m07:18:22.623468 [info ] [MainThread]: Running with dbt=1.11.11
[0m07:18:22.624523 [debug] [MainThread]: running dbt with arguments {'version_check': 'True', 'no_print': 'None', 'static_parser': 'True', 'target_path': 'None', 'warn_error_options': 'WarnErrorOptionsV2(error=[], warn=[], silence=[])', 'printer_width': '80', 'write_json': 'True', 'empty': 'False', 'log_cache_events': 'False', 'introspect': 'True', 'cache_selected_only': 'False', 'fail_fast': 'False', 'debug': 'False', 'log_format': 'default', 'partial_parse': 'True', 'send_anonymous_usage_stats': 'True', 'quiet': 'False', 'warn_error': 'None', 'profiles_dir': 'C:\\Users\\vicky\\.dbt', 'use_colors': 'True', 'indirect_selection': 'eager', 'invocation_command': 'dbt run --select models/silver', 'use_experimental_parser': 'False', 'log_path': 'logs'}
[0m07:18:22.625560 [error] [MainThread]: Encountered an error:
Runtime Error
  No dbt_project.yml found at expected path C:\study\DBT_Learning\dbt_project.yml
  Verify that each entry within packages.yml (and their transitive dependencies) contains a file named dbt_project.yml
  
[0m07:18:22.626568 [debug] [MainThread]: Command `dbt run` failed at 07:18:22.626568 after 0.47 seconds
[0m07:18:22.627750 [debug] [MainThread]: Sending event: {'category': 'dbt', 'action': 'invocation', 'label': 'end', 'context': [<snowplow_tracker.self_describing_json.SelfDescribingJson object at 0x000001BBC4726570>, <snowplow_tracker.self_describing_json.SelfDescribingJson object at 0x000001BBC4425D60>, <snowplow_tracker.self_describing_json.SelfDescribingJson object at 0x000001BBC5F7FBF0>]}
[0m07:18:22.627750 [debug] [MainThread]: Flushing usage events
[0m07:18:24.300563 [debug] [MainThread]: An error was encountered while trying to flush usage events
